sample_files/b2_math_before.h sample_files/b2_math_after.h
637e91c1528894ec0529bc845ef79c88  -

sample_files/bad_combine_before.rs sample_files/bad_combine_after.rs
9f61f6c7e485a2726685f718fef1f9bd  -

sample_files/change_outer_before.el sample_files/change_outer_after.el
1857b63ba1bfa0ccc0a4243db6b1c5c2  -

sample_files/chinese_before.po sample_files/chinese_after.po
d648d62cf864d452a4e862e7eb848be0  -

sample_files/clojure_before.clj sample_files/clojure_after.clj
b916e224f289888252cd7597bab339e6  -

sample_files/comma_before.js sample_files/comma_after.js
6b06dbb3eb6cc44ce51d2e40695d823b  -

sample_files/comments_before.rs sample_files/comments_after.rs
a736fef589c0bb8b44c83907eb3268df  -

sample_files/context_before.rs sample_files/context_after.rs
ef267b3bbea4b56a111427a11b24cc6a  -

sample_files/contiguous_before.js sample_files/contiguous_after.js
9d7bc73c3551064e67f40155abc84798  -

sample_files/css_before.css sample_files/css_after.css
76e37e865774d0d17e73b71f627b62d7  -

sample_files/dart_before.dart sample_files/dart_after.dart
a13ab6e933b145d3f948b640caf38968  -

sample_files/elisp_before.el sample_files/elisp_after.el
11083b125c1bb2b84b61dd81c01f5163  -

sample_files/elisp_contiguous_before.el sample_files/elisp_contiguous_after.el
e3946aef566a707c718edd7a86340566  -

sample_files/elm_before.elm sample_files/elm_after.elm
1fe758b3148056d9c744f75640e7cd83  -

sample_files/elvish_before.elv sample_files/elvish_after.elv
bfb410815de1fb0fd47fa078fbd8e329  -

sample_files/hack_before.php sample_files/hack_after.php
50babcb945cf3b3ba12d5481a1bf8ccf  -

sample_files/haskell_before.hs sample_files/haskell_after.hs
324d1c9b2a04133a75b1975272ffb6ad  -

sample_files/hcl_before.hcl sample_files/hcl_after.hcl
48b5599f3c6131a7eccaba73254fd599  -

sample_files/helpful_before.el sample_files/helpful_after.el
bce74573e003cc6b729a63a4bc34c4af  -

sample_files/helpful-unit-test-before.el sample_files/helpful-unit-test-after.el
79597af48ff80bcf9f5d02d20c51606d  -

sample_files/html_before.html sample_files/html_after.html
5bf6a3d864706e18932c8cd027cb4c0b  -

sample_files/html_simple_before.html sample_files/html_simple_after.html
2c5a14df5b793bc136e37f263733b26f  -

sample_files/huge_cpp_before.cpp sample_files/huge_cpp_after.cpp
da3b251c5f16ed8a5362ddd3ea7d8324  -

sample_files/identical_before.scala sample_files/identical_after.scala
9c7319f61833e46a0a8cb6c01cc997c9  -

sample_files/if_before.py sample_files/if_after.py
ec9c3b52643b5fde34ea7432b9d537ac  -

sample_files/janet_before.janet sample_files/janet_after.janet
677604a16ef62f6b6252d76d76e86265  -

sample_files/java_before.java sample_files/java_after.java
80374ad568729946154fde2a934392f3  -

sample_files/javascript_before.js sample_files/javascript_after.js
f4bfe92df94f89942bacc73e4a9db882  -

sample_files/javascript_simple_before.js sample_files/javascript_simple_after.js
d0e0bb7b9e78643cecbfc9217241aafe  -

sample_files/json_before.json sample_files/json_after.json
a8fb62ec4919ff82493a3201519f19e3  -

sample_files/jsx_before.jsx sample_files/jsx_after.jsx
c36eb59374d19fd815ad83a72124eaac  -

sample_files/julia_before.jl sample_files/julia_after.jl
3ec05dbce1270267e621c58134a05e86  -

sample_files/load_before.js sample_files/load_after.js
58df6bfac4f237d3a1dd9201e7873f1c  -

sample_files/lua_before.lua sample_files/lua_after.lua
c3d81271c060bd97dd246c1c5ea6a138  -

sample_files/metadata_before.clj sample_files/metadata_after.clj
b71577801352071fd1c6a9079f2d9dbc  -

sample_files/modules_before.ml sample_files/modules_after.ml
694bcfa17f8adf5ed6297994287e0841  -

sample_files/multibyte_before.py sample_files/multibyte_after.py
9287243986455b75e560080f3fd16ced  -

sample_files/multiline_string_before.ml sample_files/multiline_string_after.ml
170c55099a9fdbecd39352905a691819  -

sample_files/nest_before.rs sample_files/nest_after.rs
811805002ed9196d1156388785a1f09d  -

sample_files/nested_slider_before.rs sample_files/nested_slider_after.rs
3a901b805dd8b541c43edb96c7e4e148  -

sample_files/nesting_before.el sample_files/nesting_after.el
16639761819b53b9216a9031ae94455c  -

sample_files/nix_before.nix sample_files/nix_after.nix
337430bc90562b18dbaec9b53c0f950e  -

sample_files/ocaml_before.ml sample_files/ocaml_after.ml
1fffa5fa9392f8b46eb8b4f90c938dc2  -

sample_files/outer_delimiter_before.el sample_files/outer_delimiter_after.el
73130b8572a4f17fa6cf828f74e226ce  -

sample_files/perl_before.pl sample_files/perl_after.pl
a1cf6e4742550262a80725ccf76a6b3f  -

sample_files/prefer_outer_before.el sample_files/prefer_outer_after.el
891b9b2f6bbf13bab97eb0d10397f306  -

sample_files/preprocesor_before.h sample_files/preprocesor_after.h
3e4331cb935cbe735a79ebc43786cd3a  -

sample_files/qml_before.qml sample_files/qml_after.qml
53ddc9a9a88f7d0381558e4fabf46212  -

sample_files/ruby_before.rb sample_files/ruby_after.rb
d88046b43f826a34bbd4a7b9d6bb704d  -

sample_files/scala_before.scala sample_files/scala_after.scala
bb18213033492a633e7f978ab9711ae1  -

sample_files/Session_before.kt sample_files/Session_after.kt
46994b58bb24200f82866951013f03ce  -

sample_files/simple_before.js sample_files/simple_after.js
b1fe2c184a9a358e314e21aabb0f3cb7  -

sample_files/simple_before.txt sample_files/simple_after.txt
c2cea3b652daa2bded20c785b9e4803f  -

sample_files/slider_at_end_before.json sample_files/slider_at_end_after.json
1d6162aab8e59c4422e9c14f09ceac3e  -

sample_files/slider_before.rs sample_files/slider_after.rs
50e1df5af0bf4a1fa7211e079196f1a9  -

sample_files/slow_before.rs sample_files/slow_after.rs
b3f323569ae05e1185810da31c1db31a  -

sample_files/small_before.js sample_files/small_after.js
27bcac13aa17141718a3e6b8c0ac8f47  -

sample_files/swift_before.swift sample_files/swift_after.swift
eeab25a68552f051a6392b5e713fbd29  -

sample_files/syntax_error_before.js sample_files/syntax_error_after.js
fe636ad27b1aa75e0b153dfe248023bb  -

sample_files/tab_before.c sample_files/tab_after.c
36ba3231eeba6f0b67a6be9db454de19  -

sample_files/text_before.txt sample_files/text_after.txt
7abd607b5782061dcd882a3be2dfe48e  -

sample_files/todomvc_before.gleam sample_files/todomvc_after.gleam
45baae0b84cfc5c1dc91d59be315762b  -

sample_files/toml_before.toml sample_files/toml_after.toml
1e2de7235c339b07a0784498453e896c  -

sample_files/typing_before.ml sample_files/typing_after.ml
3941fd44b0bf744da834a0b3eda1ba76  -

sample_files/utf16_before.py sample_files/utf16_after.py
23ae372384bdddc7dd8745c22fab580d  -

sample_files/whitespace_before.tsx sample_files/whitespace_after.tsx
c4151c5a44b11e04fd11c2594597ed33  -

sample_files/yaml_before.yaml sample_files/yaml_after.yaml
8339ac699789fb3d17becce27dd3af6b  -

sample_files/zig_before.zig sample_files/zig_after.zig
fe7f694c4223c83ecadbbf96f791ccad  -

