---
source: tests/cli.rs
expression: stdout
input_file: sample_files/windows_1251_1.txt
---
[1m[93msample_files/windows_1251_2.txt[39m[0m[2m --- Text[0m
[91;1m1 [0m[91mMu√ü[0m[91m [0m[91mk√∂nnen[0m[91m:[0m[91m [0m[91ml√∂st[0m[91m [0m[91mmu√ü[0m[91m [0m[91mda√ü[0m[91m [0m[91mHei√üt[0m[91m [0m[91ml√∂scht[0m[91m [0m[91mf√ºhren[0m[91m [0m[91mf√ºr[0m[91m [0m[91mmu√ü[0m[91m [0m[91;1m√§hnlich[0m              [92;1m1 [0m[92mMu√ü[0m[92m [0m[92mk√∂nnen[0m[92m:[0m[92m [0m[92ml√∂st[0m[92m [0m[92mmu√ü[0m[92m [0m[92mda√ü[0m[92m [0m[92mHei√üt[0m[92m [0m[92ml√∂scht[0m[92m [0m[92mf√ºhren[0m[92m [0m[92mf√ºr[0m[92m [0m[92mmu√ü[0m[92m [0m[92;1m√§hmlich[0m
