---
source: tests/cli.rs
expression: stdout
input_file: sample_files/trailling_newline_1.yaml
---
[1m[93msample_files/trailling_newline_2.yaml[39m[0m[2m --- YAML[0m
[91;1m1 [0m[95mfoo[0m: [91m|[0m                      [92;1m1 [0m[95mfoo[0m: [92m|[0m
[91;1m2 [0m[91m  ${{ BAR }}[0m                [92;1m2 [0m[92m  bar[0m
