---
source: tests/cli.rs
expression: stdout
input_file: sample_files/text_1.txt
---
[1m[93msample_files/text_2.txt[39m[0m[2m --- Text[0m
[2m1 [0mhello                                      [2m1 [0mhello
[2m. [0m                                           [92;1m2 [0m[92;1mnovel[0m
[2m2 [0mworld                                      [2m3 [0mworld
[2m3 [0m                                           [2m4 [0m
[91;1m4 [0m[91mfoo[0m                                        [92;1m5 [0m[92mfoo[0m[92;1m [0m[92;1mbar[0m
[91;1m5 [0m[91;1mc07e640b246c7885cbc3d5c627acbcb2d2ab9c95[0m   [92;1m6 [0m[92;1m31df1778815171897c907daf454c4419cfaa46f9[0m
