---
source: tests/cli.rs
expression: stdout
input_file: sample_files/tab_1.txt
---
[1m[93msample_files/tab_2.txt[39m[0m[2m --- Text[0m
[91;1m1 [0m[2m  [0m[91;1mexport[0m[91;1m [0m[91;1mconst[0m[91;1m [0m[91;1mORIGIN[0m[91;1m [0m[91;1m=[0m[91;1m [0m[91;1mnew[0m[91;1m [0m[91;1mURL[0m[91;1m([0m
[91;1m2 [0m[2m  [0m[91;1m    [0m[91;1menv[0m[91;1m.[0m[91;1mVERCEL_ENV[0m[91;1m [0m[91;1m=[0m[91;1m=[0m[91;1m=[0m[91;1m [0m[91;1m"[0m[91;1mproduction[0m[91;1m"[0m
[91;1m3 [0m[2m  [0m[91;1m    [0m[91;1m    [0m[91;1m?[0m[91;1m [0m[91;1m"[0m[91;1mhttps[0m[91;1m:[0m[91;1m/[0m[91;1m/[0m[91;1malpha[0m[91;1m.[0m[91;1msweets[0m[91;1m.[0m[91;1mcommunity[0m[91;1m"[0m
[91;1m4 [0m[2m  [0m[91;1m    [0m[91;1m    [0m[91;1m:[0m[91;1m [0m[91;1menv[0m[91;1m.[0m[91;1mVERCEL_ENV[0m[91;1m [0m[91;1m=[0m[91;1m=[0m[91;1m=[0m[91;1m [0m[91;1m"[0m[91;1mpreview[0m[91;1m"[0m
[91;1m5 [0m[2m  [0m[91;1m    [0m[91;1m    [0m[91;1m    [0m[91;1m?[0m[91;1m [0m[91;1m`[0m[91;1mhttps[0m[91;1m:[0m[91;1m/[0m[91;1m/[0m[91;1m$[0m[91;1m{[0m[91;1menv[0m[91;1m.[0m[91;1mVERCEL_URL[0m[91;1m}[0m[91;1m`[0m
[91;1m6 [0m[2m  [0m[91;1m    [0m[91;1m    [0m[91;1m    [0m[91;1m:[0m[91;1m [0m[91;1m"[0m[91;1mhttp[0m[91;1m:[0m[91;1m/[0m[91;1m/[0m[91;1mlocalhost[0m[91;1m:[0m[91;1m3000[0m[91;1m"[0m
[91;1m7 [0m[2m  [0m[91;1m)[0m[91;1m;[0m
[91;1m8 [0m[2m  [0m
[2m9 [0m[2m1 [0mexport default env;
