---
source: tests/cli.rs
expression: stdout
input_file: sample_files/hare_1.ha
---
[1m[93msample_files/hare_2.ha[39m[0m[2m --- Text (1 Hare parse error, exceeded DFT_PARSE_ERROR_LIMIT)[0m
[2m1 [0muse fmt;                                         [2m 1 [0muse fmt;
[2m2 [0m                                                 [2m 2 [0m
[2m3 [0mexport fn main() void = {                        [2m 3 [0mexport fn main() void = {
[91;1m4 [0m[91m    [0m[91;1mfmt[0m[91;1m:[0m[91;1m:[0m[91;1mprintln[0m[91;1m([0m[91m"[0m[91mHello[0m[91m,[0m[91m [0m[91mworld[0m[91m![0m[91m"[0m[91m)[0m[91m;[0m               [92;1m 4 [0m[92m    [0m[92;1mconst[0m[92;1m [0m[92;1mgreetings[0m[92;1m [0m[92;1m=[0m[92;1m [0m[92;1m[[0m
[2m. [0m                                                 [92;1m 5 [0m[92;1m    [0m[92;1m    [0m[92m"[0m[92mHello[0m[92m,[0m[92m [0m[92mworld[0m[92m![0m[92m"[0m[92;1m,[0m
[2m. [0m                                                 [92;1m 6 [0m[92;1m    [0m[92;1m    [0m[92;1m"[0m[92;1m¬°[0m[92;1mHola[0m[92;1m [0m[92;1mMundo[0m[92;1m![0m[92;1m"[0m[92;1m,[0m
[2m. [0m                                                 [92;1m 7 [0m[92;1m    [0m[92;1m    [0m[92;1m"[0m[92;1mŒìŒµŒπŒ¨[0m[92;1m [0m[92;1mœÉŒøœÖ[0m[92;1m [0m[92;1mŒöœåœÉŒºŒµ[0m[92;1m![0m[92;1m"[0m[92;1m,[0m
[2m. [0m                                                 [92;1m 8 [0m[92;1m    [0m[92;1m    [0m[92;1m"[0m[92;1m–ü—Ä–∏–≤–µ—Ç[0m[92;1m,[0m[92;1m [0m[92;1m–º–∏—Ä[0m[92;1m![0m[92;1m"[0m[92;1m,[0m
[2m. [0m                                                 [92;1m 9 [0m[92;1m    [0m[92;1m    [0m[92;1m"[0m[92;1m„Åì„Çì„Å´„Å°„ÅØ‰∏ñÁïå[0m[92;1mÔºÅ[0m[92;1m"[0m[92;1m,[0m
[2m. [0m                                                 [92;1m10 [0m[92;1m    [0m[92;1m][0m[92;1m;[0m
[2m. [0m                                                 [92;1m11 [0m[92;1m    [0m[92;1mfor[0m[92;1m [0m[92;1m([0m[92;1mlet[0m[92;1m [0m[92;1mi[0m[92;1m [0m[92;1m=[0m[92;1m [0m[92;1m0z[0m[92;1m;[0m[92;1m [0m[92;1mi[0m[92;1m [0m[92;1m<[0m[92;1m [0m[92;1mlen[0m[92;1m([0m[92;1mgreetings[0m[92m)[0m[92;1m;[0m[92;1m [0m[92;1mi[0m[92;1m [0m[92;1m+[0m[92;1m=[0m[92;1m [0m[92;1m1[0m[92;1m)[0m
[2m. [0m                                                 [92;1m[2m.. [0m[0m[92;1m [0m[92;1m{[0m
[2m. [0m                                                 [92;1m12 [0m[92;1m    [0m[92;1m    [0m[92;1mfmt[0m[92;1m:[0m[92;1m:[0m[92;1mprintln[0m[92;1m([0m[92;1mgreetings[0m[92;1m[[0m[92;1mi[0m[92;1m][0m[92;1m)[0m[92;1m![0m[92;1m;[0m
[2m. [0m                                                 [92;1m13 [0m[92;1m    [0m[92;1m}[0m[92m;[0m
[2m5 [0m};                                               [2m14 [0m};
